// Jest Snapshot v1, https://goo.gl/fbAQLP

exports[`<Bar/> component  Presence of UI elements renders 1`] = `
<svg
  className="sc-AxjAm bJuYjR"
  height={300}
  width={300}
>
  <styled.g
    classlist=""
    gh={180}
    gw={200}
    x={80}
    y={40}
  >
    <g
      className="sc-AxirZ fKAEtI"
      height={180}
      width={200}
      x={80}
      y={40}
    >
      <styled.rect
        classList="rectsA"
        fill="blue"
        hc={[Function]}
        height={180}
        hh={[Function]}
        hl={[Function]}
        hover={0}
        key="0"
        opacity={1}
        tx={0}
        ty={0}
        width={133}
        x={34}
        y={0}
      >
        <rect
          className="sc-AxiKw iHLCYb"
          fill="blue"
          height={180}
          onClick={[Function]}
          onMouseLeave={[Function]}
          onMouseOver={[Function]}
          opacity={1}
          width={133}
          x={34}
          y={0}
        />
      </styled.rect>
      <styled.rect
        classList="rectsA"
        fill="blue"
        hc={[Function]}
        height={90}
        hh={[Function]}
        hl={[Function]}
        hover={0}
        key="1"
        opacity={1}
        tx={0}
        ty={0}
        width={133}
        x={34}
        y={90}
      >
        <rect
          className="sc-AxiKw iHLCYb"
          fill="blue"
          height={90}
          onClick={[Function]}
          onMouseLeave={[Function]}
          onMouseOver={[Function]}
          opacity={1}
          width={133}
          x={34}
          y={90}
        />
      </styled.rect>
      <styled.rect
        classList="rectsA"
        fill="blue"
        hc={[Function]}
        height={117}
        hh={[Function]}
        hl={[Function]}
        hover={0}
        key="2"
        opacity={1}
        tx={0}
        ty={0}
        width={133}
        x={34}
        y={63}
      >
        <rect
          className="sc-AxiKw iHLCYb"
          fill="blue"
          height={117}
          onClick={[Function]}
          onMouseLeave={[Function]}
          onMouseOver={[Function]}
          opacity={1}
          width={133}
          x={34}
          y={63}
        />
      </styled.rect>
      <styled.rect
        classList="rectsA"
        fill="blue"
        hc={[Function]}
        height={63}
        hh={[Function]}
        hl={[Function]}
        hover={0}
        key="3"
        opacity={1}
        tx={0}
        ty={0}
        width={133}
        x={34}
        y={117}
      >
        <rect
          className="sc-AxiKw iHLCYb"
          fill="blue"
          height={63}
          onClick={[Function]}
          onMouseLeave={[Function]}
          onMouseOver={[Function]}
          opacity={1}
          width={133}
          x={34}
          y={117}
        />
      </styled.rect>
      <TextArea
        fill="black"
        fontSize="1rem"
        fontWeight="bold"
        rotate={0}
        x={50}
        y={0}
      >
        <text
          fill="black"
          fontSize="1rem"
          fontWeight="bold"
          transform="rotate(0)"
          x={50}
          y={0}
        >
           - Corona Virus (COVID19) Cases -
           
          Mon May 11 2020
        </text>
      </TextArea>
      <TextArea
        fill="black"
        fontSize="1rem"
        fontWeight="bold"
        rotate={-90}
        x={-128.57142857142858}
        y={-50}
      >
        <text
          fill="black"
          fontSize="1rem"
          fontWeight="bold"
          transform="rotate(-90)"
          x={-128.57142857142858}
          y={-50}
        >
          Confirmed Cases
        </text>
      </TextArea>
      <styled.g
        classlist="ygrp"
        gh={0}
        gw={0}
        x={0}
        y={0}
      >
        <g
          className="sc-AxirZ jaeeck ygrp"
          height={0}
          width={0}
          x={0}
          y={0}
        />
      </styled.g>
      <styled.g
        classlist="xgrp"
        gh={0}
        gw={0}
        x={0}
        y={180}
      >
        <g
          className="sc-AxirZ fqhjsd xgrp"
          height={0}
          width={0}
          x={0}
          y={180}
        />
      </styled.g>
      <styled.g
        classlist="grid"
        gh={0}
        gw={0}
        x={0}
        y={0}
      >
        <g
          className="sc-AxirZ jaeeck grid"
          height={0}
          width={0}
          x={0}
          y={0}
        />
      </styled.g>
    </g>
  </styled.g>
</svg>
`;
